// Jest Snapshot v1, https://goo.gl/fbAQLP

exports[`should be render without error 1`] = `
<div>
  <div
    className="searchButton"
    onClick={[Function]}
  >
    form 表单搜索
  </div>
  <div
    onClick={[Function]}
  >
    表格
  </div>
</div>
`;
